{"Images": [{"scale_factor": 0.41736227045075125, "image_path": "chris-pollitt-manroid-wip03-mask-salesman.jpg", "image_rotation": 0.0, "height": 329, "is_transparent": false, "global_always_on_top": false, "flipped_horizontally": false, "window_opacity": 1, "is_grayscale": false, "width": 500, "version": 1.5, "always_on_top": true, "y": 537, "x": 938, "scroll_x": 0, "scroll_y": 0, "global_lock_windows": false, "flipped_vertically": false}]}